16 lattice points in polytope (module generators)
0 Hilbert basis elements of recession monoid
22 vertices of polyhedron
0 extreme rays of recession cone
24 support hyperplanes of polyhedron (homogenized)

embedding dimension = 7
affine dimension of the polyhedron = 6 (maximal)
rank of recession monoid = 0 (polyhedron is polytope)

size of triangulation   = 101
resulting sum of |det|s = 102

dehomogenization:
0 0 0 0 0 0 1 


module rank = 16

Ehrhart series:
1 9 35 35 9 1 
denominator with 7 factors:
1:7  

degree of Ehrhart Series as rational function = -2

The numerator of the Ehrhart series is symmetric.

Ehrhart polynomial:
8 26 37 32 18 6 1 
with common denominator = 8

***********************************************************************

16 lattice points in polytope (module generators):
  9 13 17 11 15 13 1
  9 14 17 12 16 13 1
  9 14 17 12 16 14 1
  9 14 18 12 16 13 1
  9 14 18 12 16 14 1
  9 14 18 12 17 14 1
 10 14 17 12 16 13 1
 10 14 17 12 16 14 1
 10 14 17 13 16 14 1
 10 14 18 12 16 13 1
 10 14 18 12 16 14 1
 10 14 18 13 17 14 1
 10 15 18 12 16 13 1
 10 15 18 12 17 14 1
 10 15 18 13 16 14 1
 10 15 18 13 17 14 1

0 Hilbert basis elements of recession monoid:

22 vertices of polyhedron:
  9 13 17 11 15 13 1
  9 14 17 12 16 13 1
  9 14 17 12 16 14 1
  9 14 18 12 16 13 1
  9 14 18 12 16 14 1
  9 14 18 12 17 14 1
 10 14 17 12 16 13 1
 10 14 17 12 16 14 1
 10 14 17 13 16 14 1
 10 14 18 12 16 13 1
 10 14 18 12 16 14 1
 10 14 18 13 17 14 1
 10 15 18 12 16 13 1
 10 15 18 12 17 14 1
 10 15 18 13 16 14 1
 10 15 18 13 17 14 1
 18 28 35 24 31 27 2
 19 27 35 24 32 26 2
 19 27 35 24 32 28 2
 19 28 34 23 32 27 2
 19 28 36 23 32 27 2
 20 28 35 24 31 27 2

0 extreme rays of recession cone:

24 support hyperplanes of polyhedron (homogenized):
 -1  0  0  0  0  0  10
 -1  0  0  1  0  0  -2
 -1  1  0  0  0  0  -4
 -1  1  0  1 -1  0   0
  0 -1  0  1  1 -1   0
  0 -1  1  0  0  0  -3
  0 -1  1  0  1  0 -19
  0  0 -1  0  0  0  18
  0  0 -1  0  1  0   2
  0  0  0 -1  0  1  -1
  0  0  0 -1  1  1 -17
  0  0  0  0 -1  1   3
  0  0  0  0  0 -1  14
  0  0  0  0  1 -1  -2
  0  0  0  1 -1  1  -9
  0  0  0  1  0 -1   2
  0  0  1  0 -1  0  -1
  0  1 -1 -1  1  0   0
  0  1 -1  0  0  0   4
  0  1  1  0 -1  0 -15
  1 -1  0  0  0  0   5
  1 -1  0  1  0  0  -7
  1  0  0 -1  0  0   3
  1  1  0 -1  0  0 -11

