3 lattice points in polytope (module generators)
0 Hilbert basis elements of recession monoid
3 vertices of polyhedron
0 extreme rays of recession cone
3 support hyperplanes of polyhedron (homogenized)

embedding dimension = 4
affine dimension of the polyhedron = 2
rank of recession monoid = 0 (polyhedron is polytope)

size of triangulation   = 1
resulting sum of |det|s = 1

dehomogenization:
0 0 0 1 


module rank = 3

Ehrhart series:
1 
denominator with 3 factors:
1:3  

degree of Ehrhart Series as rational function = -3

The numerator of the Ehrhart series is symmetric.

Ehrhart polynomial:
2 3 1 
with common denominator = 2

***********************************************************************

3 lattice points in polytope (module generators):
 5 8 6 1
 6 8 7 1
 6 9 7 1

0 Hilbert basis elements of recession monoid:

3 vertices of polyhedron:
 5 8 6 1
 6 8 7 1
 6 9 7 1

0 extreme rays of recession cone:

3 support hyperplanes of polyhedron (homogenized):
 -7  0  6 0
 -2 -1  3 0
  8  1 -8 0

1 equations:
 1 0 -1 1

3 basis elements of generated  lattice:
 1 0 0 -1
 0 1 0  0
 0 0 1  1

